I'm sorry, but errors were detected in your script. Please correct the
errors listed below, and try again.


File "game/script.rpy", line 31: expected statement.
    firstchoice:
               ^

Ren'Py Version: Ren'Py 7.4.1.1270
Mon Feb 15 12:56:17 2021
